// Jest Snapshot v1, https://goo.gl/fbAQLP

exports[`BudaLogoutForm matches snapshot 1`] = `
<form>
  <div>
    <textfield-stub>
      ¿Estás seguro de querer desconectar tu cuenta Buda? Por favor ingresa tu
      contraseña para confirmar
    </textfield-stub>
  </div>
  <div>
    <inputlabel-stub fieldfor="password">
      Contraseña Bitsplit
    </inputlabel-stub>
    <passwordinput-stub value="" fieldid="password" fieldname="password" fieldplaceholder="****************"></passwordinput-stub>
  </div>
  <div>
    <submitbutton-stub>Confirmar</submitbutton-stub>
  </div>
</form>
`;
