// Jest Snapshot v1, https://goo.gl/fbAQLP

exports[`BudaIndex matches snapshot 1`] = `
<div id="budaSignInForm">
  <center>
    <div class="w-full max-w-xs">
      <div>
        <textfield-stub textvalue1="¡Ya estás conectado a una cuenta Buda! ¿Qué desear hacer?"></textfield-stub>
      </div>
      <div class="inline">
        <div class="pb-6">
          <submitbutton-stub color="secondary" wide="full">Actualizar Keys</submitbutton-stub>
        </div>
        <div class="pb-6">
          <submitbutton-stub color="secondary" wide="full">Desconectar Buda</submitbutton-stub>
        </div>
      </div>
    </div>
  </center>
</div>
`;
