// Jest Snapshot v1, https://goo.gl/fbAQLP

exports[`SignUp matches snapshot 1`] = `
<div class="mt-16">
  <center>
    <div class="w-full max-w-xs">
      <form class="bg-white shadow-md rounded px-8 pt-6 pb-8 mb-4">
        <div class="mb-4">
          <inputlabel-stub fieldfor="email">Email</inputlabel-stub>
          <textinput-stub value="" fieldid="email" fieldtype="text" fieldplaceholder="Email" fieldname="email" classmod=""></textinput-stub>
        </div>
        <div class="mb-4">
          <inputlabel-stub fieldfor="password">Contraseña</inputlabel-stub>
          <passwordinput-stub value="" fieldid="password" fieldname="password"></passwordinput-stub>
          <inputlabel-stub fieldfor="password">Confirme su contraseña</inputlabel-stub>
          <passwordinput-stub value="" fieldid="confirm_password" fieldname="confirm_password"></passwordinput-stub>
        </div>
        <submitbutton-stub classmod="bg-blue-500 hover:bg-blue-700">Registrarse</submitbutton-stub>
      </form>
    </div>
  </center>
</div>
`;
