// Jest Snapshot v1, https://goo.gl/fbAQLP

exports[`SignIn matches snapshot 1`] = `
<div id="SignInForm">
  <center>
    <div class="w-full max-w-xs">
      <form class="bg-white shadow-md rounded px-8 pt-6 pb-8 mb-4">
        <div class="mb-4">
          <inputlabel-stub fieldname="Email" fieldfor="email"></inputlabel-stub>
          <textinput-stub value="" fieldid="email" fieldtype="text" fieldplaceholder="Email" fieldname="email" classmod=""></textinput-stub>
        </div>
        <div class="mb-4">
          <inputlabel-stub fieldname="Password" fieldfor="password"></inputlabel-stub>
          <passwordinput-stub value="" fieldid="password" fieldname="password"></passwordinput-stub>
          <submitbutton-stub fieldplaceholder="Log In" classmod="bg-blue-500 hover:bg-blue-700"></submitbutton-stub>
        </div>
      </form>
    </div>
  </center>
</div>
`;
